开始 clean BPC: instance=bench_20_01, tasks=20, vehicles=2, time_limit=3600s, max_nodes=100000, log=/home/kai/work/gnn_bb/branchpricecut/results/logs/20260521_232502_exact_dssr_lmrank1_bench_20_01/bench_20_01.jsonl
[clean-BPC     0.00s] incumbent node 0: obj=268.440576
[clean-BPC    25.03s] incumbent node 0: obj=228.877784
[clean-BPC    25.03s] start: {'time': 25.033822, 'event': 'start', 'instance': 'bench_20_01', 'tasks': 20, 'vehicles': 2, 'initial_routes': 30, 'initial_incumbent': 228.877784, 'task_vehicle_linking_enabled': True, 'schedule_capacity_cuts_enabled': True, 'schedule_capacity_separation_enabled': False, 'schedule_pack_diagnostic_enabled': False, 'schedule_pack_relaxation_enabled': False, 'schedule_pack_full_pricing_enabled': False, 'schedule_pack_adaptive_enabled': False, 'route_enumeration_adaptive_enabled': False}
[clean-BPC    25.03s] node 0 d=0 lb=0.0 open=0
[clean-BPC    25.10s] node 0 cg=1 phase=phase1 obj=0.0 artificial=0.0 cols=30
[clean-BPC    25.10s] node 0 cg=2 phase=phase2 obj=228.877784 artificial=0.0 cols=30
[clean-BPC    26.27s] node 0 cg=2 phase=phase2 kind=heuristic best_rc=-27.064191 found=27990 added=600 exhausted=False cert=False ng=6
[clean-BPC    26.29s] node 0 cg=3 phase=phase2 obj=228.877784 artificial=0.0 cols=630
[clean-BPC    26.79s] node 0 cg=3 phase=phase2 kind=heuristic best_rc=-12.128195286 found=6554 added=600 exhausted=False cert=False ng=6
[clean-BPC    26.83s] node 0 cg=4 phase=phase2 obj=228.877784 artificial=0.0 cols=1230
[clean-BPC    27.04s] node 0 cg=4 phase=phase2 kind=heuristic best_rc=-2.965651667 found=355 added=355 exhausted=False cert=False ng=6
[clean-BPC    27.11s] node 0 cg=5 phase=phase2 obj=225.032143 artificial=0.0 cols=1585
[clean-BPC    27.25s] node 0 cg=5 phase=phase2 kind=heuristic best_rc=-0.369982 found=6 added=6 exhausted=False cert=False ng=6
[clean-BPC    27.32s] node 0 cg=6 phase=phase2 obj=224.952684 artificial=0.0 cols=1591
[clean-BPC    27.46s] node 0 cg=6 phase=phase2 kind=heuristic best_rc=-0.0 found=0 added=0 exhausted=False cert=False ng=6
[clean-BPC    27.57s] node 0 cg=6 phase=phase2 kind=exact best_rc=-0.0 found=0 added=0 exhausted=True cert=True ng=6 dssr=1/0
[clean-BPC    29.03s] cut_added family=crossing_cut node=0 added=4 upgraded=0 first={'id': 0, 'tasks': [11, 16, 19, 20], 'demand': 10.0, 'capacity_bound': 2, 'resource_bound': 1, 'k_bound': 2, 'rhs': 4.0, 'source': 'capacity', 'violation': 1.0, 'action': 'add'}
[clean-BPC    29.12s] node 0 cg=7 phase=phase2 obj=225.457674 artificial=0.0 cols=1591
[clean-BPC    29.81s] node 0 cg=7 phase=phase2 kind=heuristic best_rc=-1.3327725 found=13 added=13 exhausted=False cert=False ng=6
[clean-BPC    29.89s] node 0 cg=8 phase=phase2 obj=225.403174 artificial=0.0 cols=1604
[clean-BPC    30.37s] node 0 cg=8 phase=phase2 kind=heuristic best_rc=-0.0 found=0 added=0 exhausted=False cert=False ng=6
[clean-BPC    39.42s] node 0 cg=8 phase=phase2 kind=exact best_rc=-0.0 found=0 added=0 exhausted=True cert=True
[clean-BPC    40.68s] cut_added family=crossing_cut node=0 added=5 upgraded=0 first={'id': 4, 'tasks': [8, 14, 15, 17], 'demand': 10.0, 'capacity_bound': 2, 'resource_bound': 1, 'k_bound': 2, 'rhs': 4.0, 'source': 'capacity', 'violation': 0.857142857, 'action': 'add'}
[clean-BPC    40.79s] node 0 cg=9 phase=phase2 obj=225.616858 artificial=0.0 cols=1604
[clean-BPC    42.82s] node 0 cg=9 phase=phase2 kind=heuristic best_rc=-0.209267444 found=2 added=2 exhausted=False cert=False ng=6
[clean-BPC    42.92s] node 0 cg=10 phase=phase2 obj=225.616858 artificial=0.0 cols=1606
[clean-BPC    44.97s] node 0 cg=10 phase=phase2 kind=heuristic best_rc=-0.0 found=0 added=0 exhausted=False cert=False ng=6
[clean-BPC    57.02s] node 0 cg=10 phase=phase2 kind=exact best_rc=-0.0 found=0 added=0 exhausted=True cert=True
[clean-BPC    57.76s] cut_added family=crossing_cut node=0 added=2 upgraded=0 first={'id': 9, 'tasks': [3, 6, 16, 18, 19, 20], 'demand': 10.0, 'capacity_bound': 2, 'resource_bound': 1, 'k_bound': 2, 'rhs': 4.0, 'source': 'capacity', 'violation': 0.666666667, 'action': 'add'}
[clean-BPC    57.88s] node 0 cg=11 phase=phase2 obj=225.761901 artificial=0.0 cols=1606
[clean-BPC    61.64s] node 0 cg=11 phase=phase2 kind=heuristic best_rc=-0.559838333 found=6 added=6 exhausted=False cert=False ng=6
[clean-BPC    61.76s] node 0 cg=12 phase=phase2 obj=225.761901 artificial=0.0 cols=1612
[clean-BPC    65.47s] node 0 cg=12 phase=phase2 kind=heuristic best_rc=-0.1675044 found=5 added=5 exhausted=False cert=False ng=6
[clean-BPC    65.60s] node 0 cg=13 phase=phase2 obj=225.761901 artificial=0.0 cols=1617
[clean-BPC    69.30s] node 0 cg=13 phase=phase2 kind=heuristic best_rc=-0.0 found=0 added=0 exhausted=False cert=False ng=6
[clean-BPC    92.49s] node 0 cg=13 phase=phase2 kind=exact best_rc=-0.0 found=0 added=0 exhausted=True cert=True
[clean-BPC    92.49s] subset-row diag node 0 round=1 cand=75 k=2 dup=0 not_viol=149 violated=1 added=1 max_viol=0.3333333333333335
[clean-BPC    92.49s] cut_added family=subset_row node=0 added=1 first(|S|=5, k=2, viol=0.333333333)
[clean-BPC    92.62s] node 0 cg=14 phase=phase2 obj=225.825105 artificial=0.0 cols=1617
[clean-BPC    96.48s] node 0 cg=14 phase=phase2 kind=heuristic best_rc=-0.0 found=0 added=0 exhausted=False cert=False ng=6
[clean-BPC   118.83s] node 0 cg=14 phase=phase2 kind=exact best_rc=-0.0 found=0 added=0 exhausted=True cert=True
[clean-BPC   118.83s] subset-row diag node 0 round=2 cand=120 k=2 dup=1 not_viol=234 violated=5 added=5 max_viol=0.16666666666666696
[clean-BPC   118.83s] cut_added family=subset_row node=0 added=5 first(|S|=7, k=2, viol=0.166666667)
[clean-BPC   118.97s] node 0 cg=15 phase=phase2 obj=225.921253 artificial=0.0 cols=1617
[clean-BPC   122.95s] node 0 cg=15 phase=phase2 kind=heuristic best_rc=-0.177238 found=2 added=2 exhausted=False cert=False ng=6
[clean-BPC   123.08s] node 0 cg=16 phase=phase2 obj=225.921253 artificial=0.0 cols=1619
[clean-BPC   127.11s] node 0 cg=16 phase=phase2 kind=heuristic best_rc=-0.172577 found=2 added=2 exhausted=False cert=False ng=6
[clean-BPC   127.25s] node 0 cg=17 phase=phase2 obj=225.921253 artificial=0.0 cols=1621
[clean-BPC   131.35s] node 0 cg=17 phase=phase2 kind=heuristic best_rc=-0.0 found=0 added=0 exhausted=False cert=False ng=6
[clean-BPC   154.82s] node 0 cg=17 phase=phase2 kind=exact best_rc=-0.0 found=0 added=0 exhausted=True cert=True
[clean-BPC   154.82s] subset-row diag node 0 round=3 cand=193 k=2 dup=2 not_viol=384 violated=0 added=0 max_viol=0.0
[clean-BPC   155.08s] lm-rank1 diag node 0 round=1 cand=193 denom=3 patterns=14731 dup=0 not_viol=14294 violated=3 added=3 max_viol=0.16666666666666652
[clean-BPC   155.08s] cut_added family=limited_memory_rank1 node=0 added=3 first(|S|=8, d=3, mem=[2, 7, 13], viol=0.166666667)
[clean-BPC   155.24s] node 0 cg=18 phase=phase2 obj=225.93121 artificial=0.0 cols=1621
[clean-BPC   159.73s] node 0 cg=18 phase=phase2 kind=heuristic best_rc=-0.0 found=0 added=0 exhausted=False cert=False ng=6
[clean-BPC   180.17s] node 0 cg=18 phase=phase2 kind=exact best_rc=-0.0 found=0 added=0 exhausted=True cert=True
[clean-BPC   180.17s] subset-row diag node 0 round=3 cand=104 k=2 dup=0 not_viol=208 violated=0 added=0 max_viol=0.0
[clean-BPC   180.28s] lm-rank1 diag node 0 round=2 cand=104 denom=3 patterns=7689 dup=0 not_viol=7411 violated=0 added=0 max_viol=0.0
[clean-BPC   180.34s] route-pack diag node 0 round=1 vehicles=2/2 support_max=10 cand=43 oracle=43 incomplete=0 not_tight=9 not_viol=31 dup=0 violated=3 added=3 max_viol=0.3333333333333335 states_max=3839
[clean-BPC   180.34s] cut_added family=schedule_route_set_packing node=0 added=3 first(vehicle=1, routes=7, U=3, y=0.5, viol=0.333333333, states=415)
[clean-BPC   180.49s] node 0 cg=19 phase=phase2 obj=225.93121 artificial=0.0 cols=1621
[clean-BPC   184.89s] node 0 cg=19 phase=phase2 kind=heuristic best_rc=-0.05444 found=2 added=2 exhausted=False cert=False ng=6
[clean-BPC   185.05s] node 0 cg=20 phase=phase2 obj=225.93121 artificial=0.0 cols=1623
[clean-BPC   189.53s] node 0 cg=20 phase=phase2 kind=heuristic best_rc=-0.0 found=0 added=0 exhausted=False cert=False ng=6
[clean-BPC   211.51s] node 0 cg=20 phase=phase2 kind=exact best_rc=-0.0 found=0 added=0 exhausted=True cert=True
[clean-BPC   211.52s] subset-row diag node 0 round=3 cand=104 k=2 dup=0 not_viol=208 violated=0 added=0 max_viol=0.0
[clean-BPC   211.62s] lm-rank1 diag node 0 round=2 cand=104 denom=3 patterns=7689 dup=0 not_viol=7411 violated=0 added=0 max_viol=0.0
[clean-BPC   211.70s] route-pack diag node 0 round=2 vehicles=2/2 support_max=10 cand=44 oracle=44 incomplete=0 not_tight=11 not_viol=30 dup=0 violated=3 added=3 max_viol=0.3333333333333317 states_max=3839
[clean-BPC   211.70s] cut_added family=schedule_route_set_packing node=0 added=3 first(vehicle=2, routes=7, U=3, y=0.5, viol=0.333333333, states=371)
[clean-BPC   211.84s] node 0 cg=21 phase=phase2 obj=225.93121 artificial=0.0 cols=1623
[clean-BPC   216.19s] node 0 cg=21 phase=phase2 kind=heuristic best_rc=-0.0 found=0 added=0 exhausted=False cert=False ng=6
[clean-BPC   240.72s] node 0 cg=21 phase=phase2 kind=exact best_rc=-0.0 found=0 added=0 exhausted=True cert=True
[clean-BPC   240.72s] subset-row diag node 0 round=3 cand=104 k=2 dup=0 not_viol=208 violated=0 added=0 max_viol=0.0
[clean-BPC   240.84s] lm-rank1 diag node 0 round=2 cand=104 denom=3 patterns=7689 dup=0 not_viol=7411 violated=0 added=0 max_viol=0.0
[clean-BPC   261.66s] route-pack-conflict diag node 0 source_vehicle=1 routes=5 U=4 complete=True cache_hit=False states=109 added=0
[clean-BPC   262.42s] route-pack-conflict diag node 0 source_vehicle=1 routes=5 U=4 complete=True cache_hit=False states=111 added=0
[clean-BPC   263.20s] route-pack-conflict diag node 0 source_vehicle=1 routes=5 U=4 complete=True cache_hit=False states=119 added=0
[clean-BPC   263.96s] route-pack-conflict diag node 0 source_vehicle=1 routes=5 U=4 complete=True cache_hit=False states=119 added=0
[clean-BPC   264.72s] route-pack-conflict diag node 0 source_vehicle=1 routes=5 U=4 complete=True cache_hit=False states=125 added=0
[clean-BPC   265.49s] route-pack-conflict diag node 0 source_vehicle=1 routes=5 U=4 complete=True cache_hit=False states=115 added=0
[clean-BPC   266.26s] route-pack-conflict diag node 0 source_vehicle=1 routes=5 U=4 complete=True cache_hit=False states=125 added=0
[clean-BPC   267.02s] route-pack-conflict diag node 0 source_vehicle=1 routes=5 U=4 complete=True cache_hit=False states=115 added=0
[clean-BPC   267.78s] route-pack-conflict diag node 0 source_vehicle=1 routes=5 U=4 complete=True cache_hit=False states=124 added=0
[clean-BPC   270.70s] route-pack-conflict diag node 0 source_vehicle=1 routes=5 U=4 complete=True cache_hit=False states=123 added=0
[clean-BPC   272.72s] route-pack-conflict diag node 0 source_vehicle=1 routes=5 U=4 complete=True cache_hit=False states=124 added=0
[clean-BPC   275.66s] route-pack-conflict diag node 0 source_vehicle=1 routes=5 U=4 complete=True cache_hit=False states=120 added=0
[clean-BPC   278.59s] rim-conflict diag node 0 conflicts=12 pair_events=0 pair_cuts=0 schedcap_events=0 schedcap_cuts=0 routepack_events=12 routepack_cuts=0 routepack_cache=0 routepack_states_max=125 routepack_budget_skip=0 nogood_events=0 nogood_cuts=0 weak_skip=12
[clean-BPC    20.81s] restricted-MIP node 0 status=TIME_LIMIT obj=None accepted=False routes=1623 rejected=12 pair=0 ng=24 route_pack=0 sched_cap=0 added_cuts=0 time=20.812311
[clean-BPC   281.73s] branch node 0: left=task_vehicle(11,2)=off right=task_vehicle(11,2)=on
[clean-BPC   281.73s] node 1 d=1 lb=225.93121 open=1
[clean-BPC   281.87s] node 1 cg=1 phase=phase1 obj=0.0 artificial=0.0 cols=1623
[clean-BPC   282.02s] node 1 cg=2 phase=phase2 obj=225.93121 artificial=0.0 cols=1623
[clean-BPC   286.32s] node 1 cg=2 phase=phase2 kind=heuristic best_rc=-0.863721569 found=8 added=8 exhausted=False cert=False ng=6
[clean-BPC   286.47s] node 1 cg=3 phase=phase2 obj=225.93121 artificial=0.0 cols=1631
[clean-BPC   290.91s] node 1 cg=3 phase=phase2 kind=heuristic best_rc=-0.248579 found=1 added=1 exhausted=False cert=False ng=6
[clean-BPC   291.05s] node 1 cg=4 phase=phase2 obj=225.93121 artificial=0.0 cols=1632
[clean-BPC   295.46s] node 1 cg=4 phase=phase2 kind=heuristic best_rc=-0.029692 found=2 added=2 exhausted=False cert=False ng=6
[clean-BPC   295.61s] node 1 cg=5 phase=phase2 obj=225.93121 artificial=0.0 cols=1634
[clean-BPC   299.96s] node 1 cg=5 phase=phase2 kind=heuristic best_rc=-0.0 found=0 added=0 exhausted=False cert=False ng=6
[clean-BPC   306.85s] node 1 cg=5 phase=phase2 kind=heuristic_boost best_rc=-0.0 found=0 added=0 exhausted=False cert=False ng=6
[clean-BPC   330.21s] node 1 cg=5 phase=phase2 kind=exact best_rc=-0.0 found=0 added=0 exhausted=True cert=True
[clean-BPC   330.25s] route-pack diag node 1 round=1 vehicles=1/2 support_max=10 cand=20 oracle=20 incomplete=0 not_tight=4 not_viol=15 dup=0 violated=1 added=1 max_viol=0.3333333333333335 states_max=3770
[clean-BPC   330.25s] cut_added family=schedule_route_set_packing node=1 added=1 first(vehicle=1, routes=6, U=3, y=1.0, viol=0.333333333, states=228)
[clean-BPC   330.40s] node 1 cg=6 phase=phase2 obj=225.93121 artificial=0.0 cols=1634
[clean-BPC   334.79s] node 1 cg=6 phase=phase2 kind=heuristic best_rc=-0.0 found=0 added=0 exhausted=False cert=False ng=6
[clean-BPC   343.23s] node 1 cg=6 phase=phase2 kind=heuristic_boost best_rc=-0.0 found=0 added=0 exhausted=False cert=False ng=6
[clean-BPC   367.68s] node 1 cg=6 phase=phase2 kind=exact best_rc=-0.0 found=0 added=0 exhausted=True cert=True
[clean-BPC   367.73s] route-pack diag node 1 round=2 vehicles=1/2 support_max=10 cand=23 oracle=23 incomplete=0 not_tight=5 not_viol=17 dup=0 violated=1 added=1 max_viol=0.3333333333333339 states_max=3729
[clean-BPC   367.73s] cut_added family=schedule_route_set_packing node=1 added=1 first(vehicle=1, routes=6, U=3, y=1.0, viol=0.333333333, states=214)
[clean-BPC   367.89s] node 1 cg=7 phase=phase2 obj=225.93121 artificial=0.0 cols=1634
[clean-BPC   372.21s] node 1 cg=7 phase=phase2 kind=heuristic best_rc=-0.0 found=0 added=0 exhausted=False cert=False ng=6
[clean-BPC   378.92s] node 1 cg=7 phase=phase2 kind=heuristic_boost best_rc=-0.0 found=0 added=0 exhausted=False cert=False ng=6
[clean-BPC   402.06s] node 1 cg=7 phase=phase2 kind=exact best_rc=-0.0 found=0 added=0 exhausted=True cert=True
