开始 clean BPC: instance=bench_20_02, tasks=20, vehicles=2, time_limit=900s, max_nodes=1, log=/home/kai/work/gnn_bb/branchpricecut/results/logs/20260521_fullprice_addneg_rootonly_bench_20_02/bench_20_02.jsonl
[clean-BPC     0.00s] incumbent node 0: obj=276.966512
[clean-BPC    38.01s] incumbent node 0: obj=233.642523
[clean-BPC    38.01s] start: {'time': 38.014735, 'event': 'start', 'instance': 'bench_20_02', 'tasks': 20, 'vehicles': 2, 'initial_routes': 30, 'initial_incumbent': 233.642523, 'task_vehicle_linking_enabled': True, 'schedule_capacity_cuts_enabled': True, 'schedule_capacity_separation_enabled': False, 'schedule_pack_diagnostic_enabled': True, 'schedule_pack_relaxation_enabled': True, 'schedule_pack_full_pricing_enabled': True}
[clean-BPC    38.01s] node 0 d=0 lb=0.0 open=0
[clean-BPC    38.11s] node 0 cg=1 phase=phase1 obj=0.0 artificial=0.0 cols=30
[clean-BPC    38.11s] node 0 cg=2 phase=phase2 obj=233.642523 artificial=0.0 cols=30
[clean-BPC    44.54s] node 0 cg=2 phase=phase2 kind=heuristic best_rc=-32.651039 found=145140 added=600 exhausted=False cert=False
[clean-BPC    44.56s] node 0 cg=3 phase=phase2 obj=233.642523 artificial=0.0 cols=630
[clean-BPC    47.70s] node 0 cg=3 phase=phase2 kind=heuristic best_rc=-11.250845 found=18924 added=600 exhausted=False cert=False
[clean-BPC    47.74s] node 0 cg=4 phase=phase2 obj=233.642523 artificial=0.0 cols=1230
[clean-BPC    50.72s] node 0 cg=4 phase=phase2 kind=heuristic best_rc=-10.438334 found=6590 added=600 exhausted=False cert=False
[clean-BPC    50.79s] node 0 cg=5 phase=phase2 obj=231.854671 artificial=0.0 cols=1830
[clean-BPC    53.62s] node 0 cg=5 phase=phase2 kind=heuristic best_rc=-3.50155975 found=409 added=409 exhausted=False cert=False
[clean-BPC    53.71s] node 0 cg=6 phase=phase2 obj=228.07756 artificial=0.0 cols=2239
[clean-BPC    56.55s] node 0 cg=6 phase=phase2 kind=heuristic best_rc=-0.581962 found=14 added=14 exhausted=False cert=False
[clean-BPC    56.64s] node 0 cg=7 phase=phase2 obj=227.883573 artificial=0.0 cols=2253
[clean-BPC    59.48s] node 0 cg=7 phase=phase2 kind=heuristic best_rc=-0.0 found=0 added=0 exhausted=False cert=False
[clean-BPC    66.09s] node 0 cg=7 phase=phase2 kind=exact best_rc=-0.0 found=0 added=0 exhausted=True cert=True
[clean-BPC    67.25s] cut_added family=crossing_cut node=0 added=2 upgraded=0 first={'id': 0, 'tasks': [8, 10, 14, 17], 'demand': 11.0, 'capacity_bound': 2, 'resource_bound': 1, 'k_bound': 2, 'rhs': 4.0, 'source': 'capacity', 'violation': 0.666666667, 'action': 'add'}
[clean-BPC    67.37s] node 0 cg=8 phase=phase2 obj=228.17526 artificial=0.0 cols=2253
[clean-BPC    70.65s] node 0 cg=8 phase=phase2 kind=heuristic best_rc=-0.671367 found=10 added=10 exhausted=False cert=False
[clean-BPC    70.75s] node 0 cg=9 phase=phase2 obj=228.114658 artificial=0.0 cols=2263
[clean-BPC    74.07s] node 0 cg=9 phase=phase2 kind=heuristic best_rc=0.0 found=0 added=0 exhausted=False cert=False
[clean-BPC    82.15s] node 0 cg=9 phase=phase2 kind=exact best_rc=0.0 found=0 added=0 exhausted=True cert=True
[clean-BPC    82.88s] cut_added family=crossing_cut node=0 added=5 upgraded=0 first={'id': 2, 'tasks': [2, 3, 8, 20], 'demand': 10.0, 'capacity_bound': 2, 'resource_bound': 1, 'k_bound': 2, 'rhs': 4.0, 'source': 'capacity', 'violation': 0.666666667, 'action': 'add'}
[clean-BPC    83.03s] node 0 cg=10 phase=phase2 obj=228.22371 artificial=0.0 cols=2263
[clean-BPC    86.47s] node 0 cg=10 phase=phase2 kind=heuristic best_rc=-0.238676474 found=10 added=10 exhausted=False cert=False
[clean-BPC    86.62s] node 0 cg=11 phase=phase2 obj=228.22371 artificial=0.0 cols=2273
[clean-BPC    90.11s] node 0 cg=11 phase=phase2 kind=heuristic best_rc=0.0 found=0 added=0 exhausted=False cert=False
[clean-BPC    99.88s] node 0 cg=11 phase=phase2 kind=exact best_rc=0.0 found=0 added=0 exhausted=True cert=True
[clean-BPC   101.07s] cut_added family=crossing_cut node=0 added=3 upgraded=0 first={'id': 7, 'tasks': [9, 11, 14, 17], 'demand': 10.0, 'capacity_bound': 2, 'resource_bound': 1, 'k_bound': 2, 'rhs': 4.0, 'source': 'capacity', 'violation': 0.526315789, 'action': 'add'}
[clean-BPC   101.24s] node 0 cg=12 phase=phase2 obj=228.39887 artificial=0.0 cols=2273
[clean-BPC   104.70s] node 0 cg=12 phase=phase2 kind=heuristic best_rc=-0.064102 found=2 added=2 exhausted=False cert=False
[clean-BPC   104.86s] node 0 cg=13 phase=phase2 obj=228.39887 artificial=0.0 cols=2275
[clean-BPC   108.34s] node 0 cg=13 phase=phase2 kind=heuristic best_rc=-0.0 found=0 added=0 exhausted=False cert=False
[clean-BPC   119.50s] node 0 cg=13 phase=phase2 kind=exact best_rc=-0.0 found=0 added=0 exhausted=True cert=True
[clean-BPC   119.50s] subset-row diag node 0 round=1 cand=110 k=2 dup=0 not_viol=219 violated=1 added=1 max_viol=0.3333333333333335
[clean-BPC   119.50s] cut_added family=subset_row node=0 added=1 first(|S|=5, k=2, viol=0.333333333)
[clean-BPC   119.68s] node 0 cg=14 phase=phase2 obj=228.457003 artificial=0.0 cols=2275
[clean-BPC   123.20s] node 0 cg=14 phase=phase2 kind=heuristic best_rc=-0.046778 found=2 added=2 exhausted=False cert=False
[clean-BPC   123.36s] node 0 cg=15 phase=phase2 obj=228.457003 artificial=0.0 cols=2277
[clean-BPC   126.85s] node 0 cg=15 phase=phase2 kind=heuristic best_rc=0.0 found=0 added=0 exhausted=False cert=False
[clean-BPC   138.30s] node 0 cg=15 phase=phase2 kind=exact best_rc=0.0 found=0 added=0 exhausted=True cert=True
[clean-BPC   138.30s] subset-row diag node 0 round=2 cand=75 k=2 dup=0 not_viol=149 violated=1 added=1 max_viol=0.33333333333333304
[clean-BPC   138.30s] cut_added family=subset_row node=0 added=1 first(|S|=5, k=2, viol=0.333333333)
[clean-BPC   138.49s] node 0 cg=16 phase=phase2 obj=228.501521 artificial=0.0 cols=2277
[clean-BPC   142.31s] node 0 cg=16 phase=phase2 kind=heuristic best_rc=-0.222741 found=2 added=2 exhausted=False cert=False
[clean-BPC   142.49s] node 0 cg=17 phase=phase2 obj=228.501521 artificial=0.0 cols=2279
[clean-BPC   146.14s] node 0 cg=17 phase=phase2 kind=heuristic best_rc=0.0 found=0 added=0 exhausted=False cert=False
[clean-BPC   158.18s] node 0 cg=17 phase=phase2 kind=exact best_rc=0.0 found=0 added=0 exhausted=True cert=True
[clean-BPC   158.18s] subset-row diag node 0 round=3 cand=228 k=2 dup=2 not_viol=434 violated=20 added=20 max_viol=0.3846153846153846
[clean-BPC   158.18s] cut_added family=subset_row node=0 added=20 first(|S|=8, k=3, viol=0.384615385)
[clean-BPC   158.44s] node 0 cg=18 phase=phase2 obj=228.981311 artificial=0.0 cols=2279
[clean-BPC   162.33s] node 0 cg=18 phase=phase2 kind=heuristic best_rc=-0.784521 found=56 added=56 exhausted=False cert=False
[clean-BPC   162.57s] node 0 cg=19 phase=phase2 obj=228.981311 artificial=0.0 cols=2335
[clean-BPC   166.48s] node 0 cg=19 phase=phase2 kind=heuristic best_rc=-0.068322 found=2 added=2 exhausted=False cert=False
[clean-BPC   166.74s] node 0 cg=20 phase=phase2 obj=228.981311 artificial=0.0 cols=2337
[clean-BPC   170.81s] node 0 cg=20 phase=phase2 kind=heuristic best_rc=-0.0 found=0 added=0 exhausted=False cert=False
[clean-BPC   182.22s] node 0 cg=20 phase=phase2 kind=exact best_rc=-0.0 found=0 added=0 exhausted=True cert=True
[clean-BPC   182.24s] lm-rank1 diag node 0 round=1 cand=83 denom=2 patterns=1666 dup=0 not_viol=1622 violated=4 added=4 max_viol=0.5
[clean-BPC   182.24s] cut_added family=limited_memory_rank1 node=0 added=4 first(|S|=7, d=3, mem=[13], viol=0.5)
[clean-BPC   182.53s] node 0 cg=21 phase=phase2 obj=229.162104 artificial=0.0 cols=2337
[clean-BPC   186.94s] node 0 cg=21 phase=phase2 kind=heuristic best_rc=-0.112057375 found=6 added=6 exhausted=False cert=False
[clean-BPC   187.22s] node 0 cg=22 phase=phase2 obj=229.162104 artificial=0.0 cols=2343
[clean-BPC   191.34s] node 0 cg=22 phase=phase2 kind=heuristic best_rc=-0.1716945 found=2 added=2 exhausted=False cert=False
[clean-BPC   191.62s] node 0 cg=23 phase=phase2 obj=229.162104 artificial=0.0 cols=2345
[clean-BPC   195.83s] node 0 cg=23 phase=phase2 kind=heuristic best_rc=-2.314525 found=26 added=26 exhausted=False cert=False
[clean-BPC   196.12s] node 0 cg=24 phase=phase2 obj=229.162104 artificial=0.0 cols=2371
[clean-BPC   200.36s] node 0 cg=24 phase=phase2 kind=heuristic best_rc=-0.0 found=0 added=0 exhausted=False cert=False
[clean-BPC   212.13s] node 0 cg=24 phase=phase2 kind=exact best_rc=-0.0 found=0 added=0 exhausted=True cert=True
[clean-BPC   212.18s] lm-rank1 diag node 0 round=2 cand=160 denom=2 patterns=3265 dup=0 not_viol=3186 violated=15 added=15 max_viol=0.5
[clean-BPC   212.18s] cut_added family=limited_memory_rank1 node=0 added=15 first(|S|=4, d=3, mem=[2], viol=0.5)
[clean-BPC   212.54s] node 0 cg=25 phase=phase2 obj=229.208411 artificial=0.0 cols=2371
[clean-BPC   217.48s] node 0 cg=25 phase=phase2 kind=heuristic best_rc=-0.538255067 found=4 added=4 exhausted=False cert=False
[clean-BPC   217.84s] node 0 cg=26 phase=phase2 obj=229.208411 artificial=0.0 cols=2375
[clean-BPC   222.63s] node 0 cg=26 phase=phase2 kind=heuristic best_rc=-0.048033667 found=4 added=4 exhausted=False cert=False
[clean-BPC   222.99s] node 0 cg=27 phase=phase2 obj=229.208411 artificial=0.0 cols=2379
[clean-BPC   227.93s] node 0 cg=27 phase=phase2 kind=heuristic best_rc=0.0 found=0 added=0 exhausted=False cert=False
[clean-BPC   243.36s] node 0 cg=27 phase=phase2 kind=exact best_rc=0.0 found=0 added=0 exhausted=True cert=True
[clean-BPC   243.42s] lm-rank1 diag node 0 round=3 cand=253 denom=2 patterns=5258 dup=10 not_viol=5163 violated=8 added=8 max_viol=0.1666666666666674
[clean-BPC   243.42s] cut_added family=limited_memory_rank1 node=0 added=8 first(|S|=7, d=3, mem=[10], viol=0.166666667)
[clean-BPC   243.84s] node 0 cg=28 phase=phase2 obj=229.328081 artificial=0.0 cols=2379
[clean-BPC   249.43s] node 0 cg=28 phase=phase2 kind=heuristic best_rc=-0.6652592 found=14 added=14 exhausted=False cert=False
[clean-BPC   249.85s] node 0 cg=29 phase=phase2 obj=229.306913 artificial=0.0 cols=2393
[clean-BPC   249.85s] cut_purged node=0 removed=3 by_kind={'crossing_cut': 3} remaining=56
[clean-BPC   250.26s] node 0 cg=30 phase=phase2 obj=229.306913 artificial=0.0 cols=2393
[clean-BPC   255.55s] node 0 cg=30 phase=phase2 kind=heuristic best_rc=-0.0 found=0 added=0 exhausted=False cert=False
[clean-BPC   273.47s] node 0 cg=30 phase=phase2 kind=exact best_rc=-0.0 found=0 added=0 exhausted=True cert=True
[clean-BPC   273.54s] route-pack diag node 0 round=1 vehicles=2/2 support_max=11 cand=44 oracle=44 incomplete=0 not_tight=9 not_viol=32 dup=0 violated=3 added=3 max_viol=0.1666666666666674 states_max=4037
[clean-BPC   273.54s] cut_added family=schedule_route_set_packing node=0 added=3 first(vehicle=1, routes=10, U=4, y=0.5, viol=0.166666667, states=2025)
[clean-BPC   273.95s] node 0 cg=31 phase=phase2 obj=229.306913 artificial=0.0 cols=2393
[clean-BPC   278.98s] node 0 cg=31 phase=phase2 kind=heuristic best_rc=-0.0 found=0 added=0 exhausted=False cert=False
[clean-BPC   296.11s] node 0 cg=31 phase=phase2 kind=exact best_rc=-0.0 found=0 added=0 exhausted=True cert=True
[clean-BPC   296.21s] route-pack diag node 0 round=2 vehicles=2/2 support_max=12 cand=45 oracle=45 incomplete=0 not_tight=12 not_viol=27 dup=0 violated=6 added=5 max_viol=0.49999999999999956 states_max=7862
[clean-BPC   296.21s] cut_added family=schedule_route_set_packing node=0 added=5 first(vehicle=1, routes=6, U=3, y=0.5, viol=0.5, states=216)
[clean-BPC   296.61s] node 0 cg=32 phase=phase2 obj=229.306913 artificial=0.0 cols=2393
[clean-BPC   301.73s] node 0 cg=32 phase=phase2 kind=heuristic best_rc=-0.0 found=0 added=0 exhausted=False cert=False
[clean-BPC   319.16s] node 0 cg=32 phase=phase2 kind=exact best_rc=-0.0 found=0 added=0 exhausted=True cert=True
[clean-BPC   621.26s] schedule-pack relax node 0 d=0 status=FULL_PRICING_TIME_LIMIT obj=232.66585 node_lb=229.306913 delta=3.358937 cols=7342 routes=182 cg=19 rc=None pool_exact=True full_exact=False full_routes=1945331 full_states=69009402 time=301.098192 priority=True exact_bound=False applied=False official_lb=229.306913
[clean-BPC   621.26s] schedule-pack diag node 0 status=FULL_PRICING_TIME_LIMIT obj=232.66585 root=229.306913 delta=3.358937 cols=7342 routes=182 states=70318464 cg=19 rc=None pool_exact=True full_exact=False full_routes=1945331 full_states=69009402 seeds=1 time=301.098192 exact_bound=False
[clean-BPC   628.94s] branch node 0: left=task_vehicle(10,1)=off right=task_vehicle(10,1)=on
[clean-BPC   628.94s] finish status=NODE_LIMIT primal=233.642523 dual=229.306913 gap=0.018557 cuts=64 diag_dual=229.306913 diag_gap=0.018557 crossing=10 crossing_upgraded=0 subset_row=22 lm_rank1=27 sched_cost=0 pair=0 clique=0 route_pack=8 nogood=0 sched_cap=0
bench_20_02: status=NODE_LIMIT, primal=233.642523, dual=229.306913, gap=0.018557, diag_dual=229.306913, diag_gap=0.018557, time=628.937783s, nodes=1, rmp=32, pricing=42, routes=2393, cuts=64, crossing=10, crossing_upgraded=0, rci=10, kpath=0, pair=0, subset_row=22, lm_rank1=27, sched_cost=0, clique=0, route_pack=8, nogood=0, sched_cap=0, rim_calls=0, rim_feasible=0, rim_rejected=0, rim_pair=0, rim_route_pack=0, rim_ng=0, rim_sched_cap=0, sched_pack_status=FULL_PRICING_TIME_LIMIT, sched_pack_obj=232.66585, sched_pack_gap_root=3.358937, sched_pack_cols=7342, sched_pack_relax_calls=1, sched_pack_relax_best=232.66585, sched_pack_full_exact=0, cuts_purged=3, branch_test_time=7.674746s
clean BPC CSV 已写入：/home/kai/work/gnn_bb/branchpricecut/results/20260521_fullprice_addneg_rootonly_bench_20_02.csv
