开始 clean BPC: instance=bench_20_01, tasks=20, vehicles=2, time_limit=3600s, max_nodes=100000, log=/home/kai/work/gnn_bb/branchpricecut/results/logs/20260522_235636_rollback_300s_bench_20_01/bench_20_01.jsonl
[clean-BPC     0.00s] incumbent node 0: obj=268.440576
[clean-BPC    24.83s] incumbent node 0: obj=228.877784
[clean-BPC    24.83s] start: {'time': 24.830423, 'event': 'start', 'instance': 'bench_20_01', 'tasks': 20, 'vehicles': 2, 'initial_routes': 30, 'initial_incumbent': 228.877784, 'task_vehicle_linking_enabled': True, 'schedule_capacity_cuts_enabled': True, 'schedule_capacity_separation_enabled': False, 'schedule_pack_diagnostic_enabled': False, 'schedule_pack_relaxation_enabled': False, 'schedule_pack_full_pricing_enabled': False, 'schedule_pack_adaptive_enabled': False, 'route_enumeration_adaptive_enabled': False}
[clean-BPC    24.83s] node 0 d=0 lb=0.0 open=0
[clean-BPC    24.90s] node 0 cg=1 phase=phase1 obj=0.0 artificial=0.0 cols=30
[clean-BPC    24.91s] node 0 cg=2 phase=phase2 obj=228.877784 artificial=0.0 cols=30
[clean-BPC    31.81s] node 0 cg=2 phase=phase2 kind=heuristic best_rc=-27.064191 found=163706 added=600 exhausted=False cert=False
[clean-BPC    31.83s] node 0 cg=3 phase=phase2 obj=228.877784 artificial=0.0 cols=630
[clean-BPC    35.09s] node 0 cg=3 phase=phase2 kind=heuristic best_rc=-14.823274 found=15724 added=600 exhausted=False cert=False
[clean-BPC    35.14s] node 0 cg=4 phase=phase2 obj=228.877784 artificial=0.0 cols=1230
[clean-BPC    38.12s] node 0 cg=4 phase=phase2 kind=heuristic best_rc=-3.7479095 found=1500 added=600 exhausted=False cert=False
[clean-BPC    38.19s] node 0 cg=5 phase=phase2 obj=225.983977 artificial=0.0 cols=1830
[clean-BPC    41.16s] node 0 cg=5 phase=phase2 kind=heuristic best_rc=-2.369472778 found=22 added=22 exhausted=False cert=False
[clean-BPC    41.24s] node 0 cg=6 phase=phase2 obj=224.952684 artificial=0.0 cols=1852
[clean-BPC    44.39s] node 0 cg=6 phase=phase2 kind=heuristic best_rc=0.0 found=0 added=0 exhausted=False cert=False
[clean-BPC    51.57s] node 0 cg=6 phase=phase2 kind=exact best_rc=0.0 found=0 added=0 exhausted=True cert=True
[clean-BPC    53.17s] cut_added family=crossing_cut node=0 added=4 upgraded=0 first={'id': 0, 'tasks': [11, 16, 19, 20], 'demand': 10.0, 'capacity_bound': 2, 'resource_bound': 1, 'k_bound': 2, 'rhs': 4.0, 'source': 'capacity', 'violation': 1.0, 'action': 'add'}
[clean-BPC    53.28s] node 0 cg=7 phase=phase2 obj=225.403174 artificial=0.0 cols=1852
[clean-BPC    57.11s] node 0 cg=7 phase=phase2 kind=heuristic best_rc=-0.391738 found=4 added=4 exhausted=False cert=False
[clean-BPC    57.22s] node 0 cg=8 phase=phase2 obj=225.403174 artificial=0.0 cols=1856
[clean-BPC    60.88s] node 0 cg=8 phase=phase2 kind=heuristic best_rc=0.0 found=0 added=0 exhausted=False cert=False
[clean-BPC    70.34s] node 0 cg=8 phase=phase2 kind=exact best_rc=0.0 found=0 added=0 exhausted=True cert=True
[clean-BPC    71.11s] cut_added family=crossing_cut node=0 added=5 upgraded=0 first={'id': 4, 'tasks': [8, 14, 15, 17], 'demand': 10.0, 'capacity_bound': 2, 'resource_bound': 1, 'k_bound': 2, 'rhs': 4.0, 'source': 'capacity', 'violation': 0.857142857, 'action': 'add'}
[clean-BPC    71.24s] node 0 cg=9 phase=phase2 obj=225.769224 artificial=0.0 cols=1856
[clean-BPC    75.18s] node 0 cg=9 phase=phase2 kind=heuristic best_rc=-1.346956 found=8 added=8 exhausted=False cert=False
[clean-BPC    75.30s] node 0 cg=10 phase=phase2 obj=225.616858 artificial=0.0 cols=1864
[clean-BPC    79.21s] node 0 cg=10 phase=phase2 kind=heuristic best_rc=-0.0 found=0 added=0 exhausted=False cert=False
[clean-BPC    92.38s] node 0 cg=10 phase=phase2 kind=exact best_rc=-0.0 found=0 added=0 exhausted=True cert=True
[clean-BPC    93.55s] cut_added family=crossing_cut node=0 added=2 upgraded=0 first={'id': 9, 'tasks': [3, 6, 16, 18, 19, 20], 'demand': 10.0, 'capacity_bound': 2, 'resource_bound': 1, 'k_bound': 2, 'rhs': 4.0, 'source': 'capacity', 'violation': 0.666666667, 'action': 'add'}
[clean-BPC    93.69s] node 0 cg=11 phase=phase2 obj=225.761901 artificial=0.0 cols=1864
[clean-BPC    97.95s] node 0 cg=11 phase=phase2 kind=heuristic best_rc=-0.0 found=0 added=0 exhausted=False cert=False
[clean-BPC   121.28s] node 0 cg=11 phase=phase2 kind=exact best_rc=-0.0 found=0 added=0 exhausted=True cert=True
[clean-BPC   121.28s] subset-row diag node 0 round=1 cand=75 k=2 dup=0 not_viol=149 violated=1 added=1 max_viol=0.33333333333333304
[clean-BPC   121.28s] cut_added family=subset_row node=0 added=1 first(|S|=5, k=2, viol=0.333333333)
[clean-BPC   121.42s] node 0 cg=12 phase=phase2 obj=225.825105 artificial=0.0 cols=1864
[clean-BPC   125.62s] node 0 cg=12 phase=phase2 kind=heuristic best_rc=-0.0 found=0 added=0 exhausted=False cert=False
[clean-BPC   144.27s] node 0 cg=12 phase=phase2 kind=exact best_rc=-0.0 found=0 added=0 exhausted=True cert=True
[clean-BPC   144.27s] subset-row diag node 0 round=2 cand=120 k=2 dup=1 not_viol=234 violated=5 added=5 max_viol=0.16666666666666674
[clean-BPC   144.27s] cut_added family=subset_row node=0 added=5 first(|S|=5, k=3, viol=0.166666667)
[clean-BPC   144.44s] node 0 cg=13 phase=phase2 obj=225.921253 artificial=0.0 cols=1864
[clean-BPC   148.85s] node 0 cg=13 phase=phase2 kind=heuristic best_rc=0.0 found=0 added=0 exhausted=False cert=False
[clean-BPC   172.82s] node 0 cg=13 phase=phase2 kind=exact best_rc=-0.0 found=0 added=0 exhausted=True cert=True
[clean-BPC   172.83s] subset-row diag node 0 round=3 cand=193 k=2 dup=2 not_viol=384 violated=0 added=0 max_viol=0.0
[clean-BPC   172.92s] lm-rank1 diag node 0 round=1 cand=193 denom=2 patterns=4237 dup=0 not_viol=4158 violated=0 added=0 max_viol=0.0
[clean-BPC   173.28s] route-pack diag node 0 round=1 vehicles=2/2 support_max=14 cand=63 oracle=63 incomplete=0 not_tight=17 not_viol=46 dup=0 violated=0 added=0 max_viol=0.0 states_max=16766
[clean-BPC   173.59s] incumbent node 0: obj=226.210886
[clean-BPC     0.30s] restricted-MIP node 0 status=OPTIMAL obj=226.210886 accepted=True routes=1864 rejected=0 pair=0 ng=0 route_pack=0 sched_cap=0 added_cuts=0 time=0.299213
[clean-BPC   176.63s] branch node 0: left=task_vehicle(12,1)=off right=task_vehicle(12,1)=on
[clean-BPC   176.63s] node 1 d=1 lb=225.921253 open=1
[clean-BPC   176.75s] node 1 cg=1 phase=phase1 obj=0.0 artificial=0.0 cols=1864
[clean-BPC   176.88s] node 1 cg=2 phase=phase2 obj=325.921253 artificial=0.0 cols=1864
[clean-BPC   180.61s] node 1 cg=2 phase=phase2 kind=heuristic best_rc=-0.0 found=0 added=0 exhausted=False cert=False
[clean-BPC   197.73s] node 1 cg=2 phase=phase2 kind=heuristic_boost best_rc=-0.0 found=0 added=0 exhausted=True cert=True
[clean-BPC   197.74s] route-pack diag node 1 round=1 vehicles=2/2 support_max=8 cand=27 oracle=27 incomplete=0 not_tight=9 not_viol=18 dup=0 violated=0 added=0 max_viol=0.0 states_max=1087
[clean-BPC   197.74s] fathom node 1: reason=bound_after_schedule_pack bound=325.921253
[clean-BPC   197.74s] node 2 d=1 lb=225.921253 open=0
[clean-BPC   197.86s] node 2 cg=1 phase=phase1 obj=0.0 artificial=0.0 cols=1864
[clean-BPC   197.98s] node 2 cg=2 phase=phase2 obj=225.921253 artificial=0.0 cols=1864
[clean-BPC   202.23s] node 2 cg=2 phase=phase2 kind=heuristic best_rc=-0.0 found=0 added=0 exhausted=False cert=False
[clean-BPC   217.02s] node 2 cg=2 phase=phase2 kind=heuristic_boost best_rc=-0.357243 found=6 added=6 exhausted=True cert=True
[clean-BPC   217.15s] node 2 cg=3 phase=phase2 obj=225.921253 artificial=0.0 cols=1870
[clean-BPC   221.47s] node 2 cg=3 phase=phase2 kind=heuristic best_rc=-0.0 found=0 added=0 exhausted=False cert=False
[clean-BPC   238.49s] node 2 cg=3 phase=phase2 kind=heuristic_boost best_rc=-1.096817 found=28 added=28 exhausted=True cert=True
[clean-BPC   238.61s] node 2 cg=4 phase=phase2 obj=225.921253 artificial=0.0 cols=1898
[clean-BPC   242.92s] node 2 cg=4 phase=phase2 kind=heuristic best_rc=-0.192676 found=2 added=2 exhausted=False cert=False
[clean-BPC   243.04s] node 2 cg=5 phase=phase2 obj=225.921253 artificial=0.0 cols=1900
[clean-BPC   247.31s] node 2 cg=5 phase=phase2 kind=heuristic best_rc=-0.0 found=0 added=0 exhausted=False cert=False
[clean-BPC   265.31s] node 2 cg=5 phase=phase2 kind=heuristic_boost best_rc=-2.858869667 found=238 added=238 exhausted=True cert=True
[clean-BPC   265.46s] node 2 cg=6 phase=phase2 obj=225.921253 artificial=0.0 cols=2138
[clean-BPC   269.82s] node 2 cg=6 phase=phase2 kind=heuristic best_rc=-0.0 found=0 added=0 exhausted=False cert=False
[clean-BPC   287.48s] node 2 cg=6 phase=phase2 kind=heuristic_boost best_rc=-0.613732 found=6 added=6 exhausted=True cert=True
[clean-BPC   287.63s] node 2 cg=7 phase=phase2 obj=225.921253 artificial=0.0 cols=2144
[clean-BPC   291.69s] node 2 cg=7 phase=phase2 kind=heuristic best_rc=-0.0 found=0 added=0 exhausted=False cert=False
[clean-BPC   305.52s] node 2 cg=7 phase=phase2 kind=heuristic_boost best_rc=-0.83006 found=6 added=6 exhausted=True cert=True
[clean-BPC   305.67s] node 2 cg=8 phase=phase2 obj=225.921253 artificial=0.0 cols=2150
[clean-BPC   310.00s] node 2 cg=8 phase=phase2 kind=heuristic best_rc=0.0 found=0 added=0 exhausted=False cert=False
[clean-BPC   327.45s] node 2 cg=8 phase=phase2 kind=heuristic_boost best_rc=-0.50448 found=3 added=3 exhausted=True cert=True
[clean-BPC   327.60s] node 2 cg=9 phase=phase2 obj=225.921253 artificial=0.0 cols=2153
[clean-BPC   331.92s] node 2 cg=9 phase=phase2 kind=heuristic best_rc=-0.0 found=0 added=0 exhausted=False cert=False
[clean-BPC   347.31s] node 2 cg=9 phase=phase2 kind=heuristic_boost best_rc=-0.0 found=0 added=0 exhausted=True cert=True
[clean-BPC   347.59s] route-pack diag node 2 round=1 vehicles=1/2 support_max=15 cand=37 oracle=37 incomplete=0 not_tight=8 not_viol=29 dup=0 violated=0 added=0 max_viol=0.0 states_max=20629
[clean-BPC     0.27s] restricted-MIP node 2 status=INFEASIBLE obj=None accepted=False routes=2153 rejected=0 pair=0 ng=0 route_pack=0 sched_cap=0 added_cuts=0 time=0.271377
[clean-BPC   350.53s] branch node 2: left=RF(7,13)=separate right=RF(7,13)=same
[clean-BPC   350.53s] node 3 d=2 lb=225.921253 open=1
[clean-BPC   350.67s] node 3 cg=1 phase=phase1 obj=0.0 artificial=0.0 cols=2153
[clean-BPC   350.82s] node 3 cg=2 phase=phase2 obj=226.074824 artificial=0.0 cols=2153
[clean-BPC   355.05s] node 3 cg=2 phase=phase2 kind=heuristic best_rc=-0.0 found=0 added=0 exhausted=False cert=False
[clean-BPC   371.28s] node 3 cg=2 phase=phase2 kind=heuristic_boost best_rc=-0.313595583 found=4 added=4 exhausted=True cert=True
[clean-BPC   371.42s] node 3 cg=3 phase=phase2 obj=226.074824 artificial=0.0 cols=2157
[clean-BPC   375.60s] node 3 cg=3 phase=phase2 kind=heuristic best_rc=-0.0 found=0 added=0 exhausted=False cert=False
[clean-BPC   391.68s] node 3 cg=3 phase=phase2 kind=heuristic_boost best_rc=-0.0 found=0 added=0 exhausted=True cert=True
[clean-BPC   391.91s] route-pack diag node 3 round=1 vehicles=1/2 support_max=14 cand=37 oracle=37 incomplete=0 not_tight=5 not_viol=32 dup=0 violated=0 added=0 max_viol=0.0 states_max=22918
[clean-BPC     0.27s] restricted-MIP node 3 status=INFEASIBLE obj=None accepted=False routes=2157 rejected=0 pair=0 ng=0 route_pack=0 sched_cap=0 added_cuts=0 time=0.265842
[clean-BPC   394.83s] branch node 3: left=RF(1,12)=separate right=RF(1,12)=same
[clean-BPC   394.83s] node 4 d=2 lb=225.921253 open=2
[clean-BPC   394.95s] node 4 cg=1 phase=phase1 obj=0.0 artificial=0.0 cols=2157
[clean-BPC   395.06s] node 4 cg=2 phase=phase2 obj=226.118481 artificial=0.0 cols=2157
[clean-BPC   398.63s] node 4 cg=2 phase=phase2 kind=heuristic best_rc=-0.265609 found=4 added=4 exhausted=False cert=False
[clean-BPC   398.75s] node 4 cg=3 phase=phase2 obj=226.029945 artificial=0.0 cols=2161
[clean-BPC   402.27s] node 4 cg=3 phase=phase2 kind=heuristic best_rc=0.0 found=0 added=0 exhausted=False cert=False
[clean-BPC   415.65s] node 4 cg=3 phase=phase2 kind=heuristic_boost best_rc=0.0 found=0 added=0 exhausted=True cert=True
[clean-BPC   415.66s] route-pack diag node 4 round=1 vehicles=1/2 support_max=9 cand=17 oracle=17 incomplete=0 not_tight=7 not_viol=8 dup=0 violated=2 added=2 max_viol=0.6666666666666661 states_max=1531
[clean-BPC   415.66s] cut_added family=schedule_route_set_packing node=4 added=2 first(vehicle=1, routes=9, U=4, y=1.0, viol=0.666666667, states=1531)
[clean-BPC   415.78s] node 4 cg=4 phase=phase2 obj=226.029945 artificial=0.0 cols=2161
[clean-BPC   419.37s] node 4 cg=4 phase=phase2 kind=heuristic best_rc=-0.0 found=0 added=0 exhausted=False cert=False
