开始 clean BPC: instance=bench_20_02, tasks=20, vehicles=2, time_limit=3600s, max_nodes=100000, log=/home/kai/work/gnn_bb/branchpricecut/results/logs/20260521_191805_bpc_clean_fullpricing_bench_20_02/bench_20_02.jsonl
[clean-BPC     0.01s] incumbent node 0: obj=276.966512
[clean-BPC    37.55s] incumbent node 0: obj=233.642523
[clean-BPC    37.55s] start: {'time': 37.547116, 'event': 'start', 'instance': 'bench_20_02', 'tasks': 20, 'vehicles': 2, 'initial_routes': 30, 'initial_incumbent': 233.642523, 'task_vehicle_linking_enabled': True, 'schedule_capacity_cuts_enabled': True, 'schedule_capacity_separation_enabled': False, 'schedule_pack_diagnostic_enabled': True, 'schedule_pack_relaxation_enabled': True, 'schedule_pack_full_pricing_enabled': True}
[clean-BPC    37.55s] node 0 d=0 lb=0.0 open=0
[clean-BPC    37.64s] node 0 cg=1 phase=phase1 obj=0.0 artificial=0.0 cols=30
[clean-BPC    37.64s] node 0 cg=2 phase=phase2 obj=233.642523 artificial=0.0 cols=30
[clean-BPC    44.03s] node 0 cg=2 phase=phase2 kind=heuristic best_rc=-32.651039 found=145140 added=600 exhausted=False cert=False
[clean-BPC    44.05s] node 0 cg=3 phase=phase2 obj=233.642523 artificial=0.0 cols=630
[clean-BPC    47.24s] node 0 cg=3 phase=phase2 kind=heuristic best_rc=-11.250845 found=18924 added=600 exhausted=False cert=False
[clean-BPC    47.29s] node 0 cg=4 phase=phase2 obj=233.642523 artificial=0.0 cols=1230
[clean-BPC    50.29s] node 0 cg=4 phase=phase2 kind=heuristic best_rc=-10.438334 found=6590 added=600 exhausted=False cert=False
[clean-BPC    50.36s] node 0 cg=5 phase=phase2 obj=231.854671 artificial=0.0 cols=1830
[clean-BPC    53.23s] node 0 cg=5 phase=phase2 kind=heuristic best_rc=-3.50155975 found=409 added=409 exhausted=False cert=False
[clean-BPC    53.32s] node 0 cg=6 phase=phase2 obj=228.07756 artificial=0.0 cols=2239
[clean-BPC    56.21s] node 0 cg=6 phase=phase2 kind=heuristic best_rc=-0.581962 found=14 added=14 exhausted=False cert=False
[clean-BPC    56.31s] node 0 cg=7 phase=phase2 obj=227.883573 artificial=0.0 cols=2253
[clean-BPC    59.20s] node 0 cg=7 phase=phase2 kind=heuristic best_rc=-0.0 found=0 added=0 exhausted=False cert=False
[clean-BPC    65.84s] node 0 cg=7 phase=phase2 kind=exact best_rc=-0.0 found=0 added=0 exhausted=True cert=True
[clean-BPC    67.01s] cut_added family=crossing_cut node=0 added=2 upgraded=0 first={'id': 0, 'tasks': [8, 10, 14, 17], 'demand': 11.0, 'capacity_bound': 2, 'resource_bound': 1, 'k_bound': 2, 'rhs': 4.0, 'source': 'capacity', 'violation': 0.666666667, 'action': 'add'}
[clean-BPC    67.13s] node 0 cg=8 phase=phase2 obj=228.17526 artificial=0.0 cols=2253
[clean-BPC    70.40s] node 0 cg=8 phase=phase2 kind=heuristic best_rc=-0.671367 found=10 added=10 exhausted=False cert=False
[clean-BPC    70.51s] node 0 cg=9 phase=phase2 obj=228.114658 artificial=0.0 cols=2263
[clean-BPC    73.73s] node 0 cg=9 phase=phase2 kind=heuristic best_rc=0.0 found=0 added=0 exhausted=False cert=False
[clean-BPC    81.87s] node 0 cg=9 phase=phase2 kind=exact best_rc=0.0 found=0 added=0 exhausted=True cert=True
[clean-BPC    82.63s] cut_added family=crossing_cut node=0 added=5 upgraded=0 first={'id': 2, 'tasks': [2, 3, 8, 20], 'demand': 10.0, 'capacity_bound': 2, 'resource_bound': 1, 'k_bound': 2, 'rhs': 4.0, 'source': 'capacity', 'violation': 0.666666667, 'action': 'add'}
[clean-BPC    82.78s] node 0 cg=10 phase=phase2 obj=228.22371 artificial=0.0 cols=2263
[clean-BPC    86.27s] node 0 cg=10 phase=phase2 kind=heuristic best_rc=-0.238676474 found=10 added=10 exhausted=False cert=False
[clean-BPC    86.42s] node 0 cg=11 phase=phase2 obj=228.22371 artificial=0.0 cols=2273
[clean-BPC    89.93s] node 0 cg=11 phase=phase2 kind=heuristic best_rc=0.0 found=0 added=0 exhausted=False cert=False
[clean-BPC    99.72s] node 0 cg=11 phase=phase2 kind=exact best_rc=0.0 found=0 added=0 exhausted=True cert=True
[clean-BPC   100.95s] cut_added family=crossing_cut node=0 added=3 upgraded=0 first={'id': 7, 'tasks': [9, 11, 14, 17], 'demand': 10.0, 'capacity_bound': 2, 'resource_bound': 1, 'k_bound': 2, 'rhs': 4.0, 'source': 'capacity', 'violation': 0.526315789, 'action': 'add'}
[clean-BPC   101.13s] node 0 cg=12 phase=phase2 obj=228.39887 artificial=0.0 cols=2273
[clean-BPC   104.60s] node 0 cg=12 phase=phase2 kind=heuristic best_rc=-0.064102 found=2 added=2 exhausted=False cert=False
[clean-BPC   104.77s] node 0 cg=13 phase=phase2 obj=228.39887 artificial=0.0 cols=2275
[clean-BPC   108.28s] node 0 cg=13 phase=phase2 kind=heuristic best_rc=-0.0 found=0 added=0 exhausted=False cert=False
[clean-BPC   119.63s] node 0 cg=13 phase=phase2 kind=exact best_rc=-0.0 found=0 added=0 exhausted=True cert=True
[clean-BPC   119.64s] subset-row diag node 0 round=1 cand=110 k=2 dup=0 not_viol=219 violated=1 added=1 max_viol=0.3333333333333335
[clean-BPC   119.64s] cut_added family=subset_row node=0 added=1 first(|S|=5, k=2, viol=0.333333333)
[clean-BPC   119.81s] node 0 cg=14 phase=phase2 obj=228.457003 artificial=0.0 cols=2275
[clean-BPC   123.41s] node 0 cg=14 phase=phase2 kind=heuristic best_rc=-0.046778 found=2 added=2 exhausted=False cert=False
[clean-BPC   123.58s] node 0 cg=15 phase=phase2 obj=228.457003 artificial=0.0 cols=2277
[clean-BPC   127.17s] node 0 cg=15 phase=phase2 kind=heuristic best_rc=0.0 found=0 added=0 exhausted=False cert=False
[clean-BPC   138.84s] node 0 cg=15 phase=phase2 kind=exact best_rc=0.0 found=0 added=0 exhausted=True cert=True
[clean-BPC   138.84s] subset-row diag node 0 round=2 cand=75 k=2 dup=0 not_viol=149 violated=1 added=1 max_viol=0.33333333333333304
[clean-BPC   138.84s] cut_added family=subset_row node=0 added=1 first(|S|=5, k=2, viol=0.333333333)
[clean-BPC   139.03s] node 0 cg=16 phase=phase2 obj=228.501521 artificial=0.0 cols=2277
[clean-BPC   142.84s] node 0 cg=16 phase=phase2 kind=heuristic best_rc=-0.222741 found=2 added=2 exhausted=False cert=False
[clean-BPC   143.02s] node 0 cg=17 phase=phase2 obj=228.501521 artificial=0.0 cols=2279
[clean-BPC   146.71s] node 0 cg=17 phase=phase2 kind=heuristic best_rc=0.0 found=0 added=0 exhausted=False cert=False
[clean-BPC   158.87s] node 0 cg=17 phase=phase2 kind=exact best_rc=0.0 found=0 added=0 exhausted=True cert=True
[clean-BPC   158.88s] subset-row diag node 0 round=3 cand=228 k=2 dup=2 not_viol=434 violated=20 added=20 max_viol=0.3846153846153846
[clean-BPC   158.88s] cut_added family=subset_row node=0 added=20 first(|S|=8, k=3, viol=0.384615385)
[clean-BPC   159.14s] node 0 cg=18 phase=phase2 obj=228.981311 artificial=0.0 cols=2279
[clean-BPC   163.02s] node 0 cg=18 phase=phase2 kind=heuristic best_rc=-0.784521 found=56 added=56 exhausted=False cert=False
[clean-BPC   163.27s] node 0 cg=19 phase=phase2 obj=228.981311 artificial=0.0 cols=2335
[clean-BPC   167.25s] node 0 cg=19 phase=phase2 kind=heuristic best_rc=-0.068322 found=2 added=2 exhausted=False cert=False
[clean-BPC   167.51s] node 0 cg=20 phase=phase2 obj=228.981311 artificial=0.0 cols=2337
[clean-BPC   171.61s] node 0 cg=20 phase=phase2 kind=heuristic best_rc=-0.0 found=0 added=0 exhausted=False cert=False
[clean-BPC   183.16s] node 0 cg=20 phase=phase2 kind=exact best_rc=-0.0 found=0 added=0 exhausted=True cert=True
[clean-BPC   183.19s] lm-rank1 diag node 0 round=1 cand=83 denom=2 patterns=1666 dup=0 not_viol=1622 violated=4 added=4 max_viol=0.5
[clean-BPC   183.19s] cut_added family=limited_memory_rank1 node=0 added=4 first(|S|=7, d=3, mem=[13], viol=0.5)
[clean-BPC   183.47s] node 0 cg=21 phase=phase2 obj=229.162104 artificial=0.0 cols=2337
[clean-BPC   187.94s] node 0 cg=21 phase=phase2 kind=heuristic best_rc=-0.112057375 found=6 added=6 exhausted=False cert=False
[clean-BPC   188.22s] node 0 cg=22 phase=phase2 obj=229.162104 artificial=0.0 cols=2343
[clean-BPC   192.37s] node 0 cg=22 phase=phase2 kind=heuristic best_rc=-0.1716945 found=2 added=2 exhausted=False cert=False
[clean-BPC   192.66s] node 0 cg=23 phase=phase2 obj=229.162104 artificial=0.0 cols=2345
[clean-BPC   196.90s] node 0 cg=23 phase=phase2 kind=heuristic best_rc=-2.314525 found=26 added=26 exhausted=False cert=False
[clean-BPC   197.18s] node 0 cg=24 phase=phase2 obj=229.162104 artificial=0.0 cols=2371
[clean-BPC   201.43s] node 0 cg=24 phase=phase2 kind=heuristic best_rc=-0.0 found=0 added=0 exhausted=False cert=False
[clean-BPC   213.21s] node 0 cg=24 phase=phase2 kind=exact best_rc=-0.0 found=0 added=0 exhausted=True cert=True
[clean-BPC   213.26s] lm-rank1 diag node 0 round=2 cand=160 denom=2 patterns=3265 dup=0 not_viol=3186 violated=15 added=15 max_viol=0.5
[clean-BPC   213.26s] cut_added family=limited_memory_rank1 node=0 added=15 first(|S|=4, d=3, mem=[2], viol=0.5)
[clean-BPC   213.63s] node 0 cg=25 phase=phase2 obj=229.208411 artificial=0.0 cols=2371
[clean-BPC   218.65s] node 0 cg=25 phase=phase2 kind=heuristic best_rc=-0.538255067 found=4 added=4 exhausted=False cert=False
[clean-BPC   219.02s] node 0 cg=26 phase=phase2 obj=229.208411 artificial=0.0 cols=2375
[clean-BPC   223.85s] node 0 cg=26 phase=phase2 kind=heuristic best_rc=-0.048033667 found=4 added=4 exhausted=False cert=False
[clean-BPC   224.22s] node 0 cg=27 phase=phase2 obj=229.208411 artificial=0.0 cols=2379
[clean-BPC   229.19s] node 0 cg=27 phase=phase2 kind=heuristic best_rc=0.0 found=0 added=0 exhausted=False cert=False
[clean-BPC   244.68s] node 0 cg=27 phase=phase2 kind=exact best_rc=0.0 found=0 added=0 exhausted=True cert=True
[clean-BPC   244.74s] lm-rank1 diag node 0 round=3 cand=253 denom=2 patterns=5258 dup=10 not_viol=5163 violated=8 added=8 max_viol=0.1666666666666674
[clean-BPC   244.74s] cut_added family=limited_memory_rank1 node=0 added=8 first(|S|=7, d=3, mem=[10], viol=0.166666667)
[clean-BPC   245.16s] node 0 cg=28 phase=phase2 obj=229.328081 artificial=0.0 cols=2379
[clean-BPC   250.73s] node 0 cg=28 phase=phase2 kind=heuristic best_rc=-0.6652592 found=14 added=14 exhausted=False cert=False
[clean-BPC   251.14s] node 0 cg=29 phase=phase2 obj=229.306913 artificial=0.0 cols=2393
[clean-BPC   251.14s] cut_purged node=0 removed=3 by_kind={'crossing_cut': 3} remaining=56
[clean-BPC   251.57s] node 0 cg=30 phase=phase2 obj=229.306913 artificial=0.0 cols=2393
[clean-BPC   256.86s] node 0 cg=30 phase=phase2 kind=heuristic best_rc=-0.0 found=0 added=0 exhausted=False cert=False
[clean-BPC   274.84s] node 0 cg=30 phase=phase2 kind=exact best_rc=-0.0 found=0 added=0 exhausted=True cert=True
[clean-BPC   274.91s] route-pack diag node 0 round=1 vehicles=2/2 support_max=11 cand=44 oracle=44 incomplete=0 not_tight=9 not_viol=32 dup=0 violated=3 added=3 max_viol=0.1666666666666674 states_max=4037
[clean-BPC   274.91s] cut_added family=schedule_route_set_packing node=0 added=3 first(vehicle=1, routes=10, U=4, y=0.5, viol=0.166666667, states=2025)
[clean-BPC   275.31s] node 0 cg=31 phase=phase2 obj=229.306913 artificial=0.0 cols=2393
[clean-BPC   280.41s] node 0 cg=31 phase=phase2 kind=heuristic best_rc=-0.0 found=0 added=0 exhausted=False cert=False
[clean-BPC   297.74s] node 0 cg=31 phase=phase2 kind=exact best_rc=-0.0 found=0 added=0 exhausted=True cert=True
[clean-BPC   297.84s] route-pack diag node 0 round=2 vehicles=2/2 support_max=12 cand=45 oracle=45 incomplete=0 not_tight=12 not_viol=27 dup=0 violated=6 added=5 max_viol=0.49999999999999956 states_max=7862
[clean-BPC   297.84s] cut_added family=schedule_route_set_packing node=0 added=5 first(vehicle=1, routes=6, U=3, y=0.5, viol=0.5, states=216)
[clean-BPC   298.25s] node 0 cg=32 phase=phase2 obj=229.306913 artificial=0.0 cols=2393
[clean-BPC   303.45s] node 0 cg=32 phase=phase2 kind=heuristic best_rc=-0.0 found=0 added=0 exhausted=False cert=False
[clean-BPC   321.22s] node 0 cg=32 phase=phase2 kind=exact best_rc=-0.0 found=0 added=0 exhausted=True cert=True
[clean-BPC   383.40s] schedule-pack relax node 0 d=0 status=OPTIMAL obj=232.66585 node_lb=229.306913 delta=3.358937 cols=7142 routes=180 cg=14 rc=-4.77331125 pool_exact=False full_exact=False full_routes=0 full_states=0 time=62.179726 priority=True exact_bound=False
[clean-BPC   383.40s] schedule-pack diag node 0 status=OPTIMAL obj=232.66585 root=229.306913 delta=3.358937 cols=7142 routes=180 states=964712 cg=14 rc=-4.77331125 pool_exact=False full_exact=False full_routes=0 full_states=0 seeds=1 time=62.179726 exact_bound=False
[clean-BPC   403.43s] route-pack-conflict diag node 0 source_vehicle=1 routes=5 U=4 complete=True cache_hit=False states=119 added=0
[clean-BPC   403.95s] route-pack-conflict diag node 0 source_vehicle=1 routes=5 U=4 complete=True cache_hit=False states=120 added=0
[clean-BPC   405.15s] route-pack-conflict diag node 0 source_vehicle=1 routes=5 U=4 complete=True cache_hit=False states=112 added=0
[clean-BPC   406.34s] route-pack-conflict diag node 0 source_vehicle=1 routes=5 U=4 complete=True cache_hit=False states=104 added=0
[clean-BPC   406.66s] route-pack-conflict diag node 0 source_vehicle=1 routes=5 U=4 complete=True cache_hit=False states=123 added=0
[clean-BPC   407.85s] route-pack-conflict diag node 0 source_vehicle=1 routes=5 U=4 complete=True cache_hit=False states=126 added=0
[clean-BPC   409.07s] route-pack-conflict diag node 0 source_vehicle=1 routes=5 U=4 complete=True cache_hit=False states=121 added=0
[clean-BPC   410.27s] route-pack-conflict diag node 0 source_vehicle=1 routes=5 U=4 complete=True cache_hit=False states=108 added=0
[clean-BPC   410.78s] route-pack-conflict diag node 0 source_vehicle=1 routes=5 U=4 complete=True cache_hit=False states=115 added=0
[clean-BPC   411.98s] route-pack-conflict diag node 0 source_vehicle=1 routes=5 U=4 complete=True cache_hit=False states=108 added=0
[clean-BPC   412.31s] route-pack-conflict diag node 0 source_vehicle=1 routes=5 U=4 complete=True cache_hit=False states=105 added=0
[clean-BPC   412.82s] route-pack-conflict diag node 0 source_vehicle=1 routes=5 U=4 complete=True cache_hit=False states=106 added=0
[clean-BPC   413.32s] route-pack-conflict diag node 0 source_vehicle=1 routes=5 U=4 complete=True cache_hit=False states=100 added=0
[clean-BPC   413.83s] route-pack-conflict diag node 0 source_vehicle=1 routes=5 U=4 complete=True cache_hit=False states=118 added=0
[clean-BPC   415.03s] route-pack-conflict diag node 0 source_vehicle=1 routes=5 U=4 complete=True cache_hit=False states=111 added=0
[clean-BPC   415.54s] route-pack-conflict diag node 0 source_vehicle=1 routes=5 U=4 complete=True cache_hit=False states=107 added=0
[clean-BPC   416.75s] rim-conflict diag node 0 conflicts=16 pair_events=0 pair_cuts=0 schedcap_events=0 schedcap_cuts=0 routepack_events=16 routepack_cuts=0 routepack_cache=0 routepack_states_max=126 routepack_budget_skip=0 nogood_events=0 nogood_cuts=0 weak_skip=16
[clean-BPC    20.02s] restricted-MIP node 0 status=TIME_LIMIT obj=None accepted=False routes=2393 rejected=16 pair=0 ng=32 route_pack=0 sched_cap=0 added_cuts=0 time=20.018648
[clean-BPC   424.60s] branch node 0: left=task_vehicle(10,1)=off right=task_vehicle(10,1)=on
[clean-BPC   424.60s] node 1 d=1 lb=229.306913 open=1
[clean-BPC   424.96s] node 1 cg=1 phase=phase1 obj=0.0 artificial=0.0 cols=2393
[clean-BPC   425.34s] node 1 cg=2 phase=phase2 obj=329.306913 artificial=0.0 cols=2393
[clean-BPC   430.36s] node 1 cg=2 phase=phase2 kind=heuristic best_rc=-0.0 found=0 added=0 exhausted=False cert=False
[clean-BPC   444.54s] node 1 cg=2 phase=phase2 kind=heuristic_boost best_rc=-0.0 found=0 added=0 exhausted=True cert=True
[clean-BPC   444.58s] route-pack diag node 1 round=1 vehicles=2/2 support_max=10 cand=30 oracle=30 incomplete=0 not_tight=10 not_viol=20 dup=0 violated=0 added=0 max_viol=0.0 states_max=2532
[clean-BPC   458.07s] schedule-pack relax node 1 d=1 status=OPTIMAL obj=329.306913 node_lb=329.306913 delta=-0.0 cols=6538 routes=180 cg=5 rc=-0.0 pool_exact=True full_exact=False full_routes=0 full_states=0 time=13.492876 priority=True exact_bound=False
[clean-BPC   458.07s] fathom node 1: reason=bound bound=329.306913
[clean-BPC   458.07s] node 2 d=1 lb=229.306913 open=0
[clean-BPC   458.48s] node 2 cg=1 phase=phase1 obj=0.0 artificial=0.0 cols=2393
[clean-BPC   458.88s] node 2 cg=2 phase=phase2 obj=229.306913 artificial=0.0 cols=2393
[clean-BPC   464.44s] node 2 cg=2 phase=phase2 kind=heuristic best_rc=-0.0 found=0 added=0 exhausted=False cert=False
[clean-BPC   479.62s] node 2 cg=2 phase=phase2 kind=heuristic_boost best_rc=-0.215198333 found=4 added=4 exhausted=True cert=True
[clean-BPC   480.03s] node 2 cg=3 phase=phase2 obj=229.306913 artificial=0.0 cols=2397
[clean-BPC   485.89s] node 2 cg=3 phase=phase2 kind=heuristic best_rc=-0.044018167 found=4 added=4 exhausted=False cert=False
[clean-BPC   486.30s] node 2 cg=4 phase=phase2 obj=229.306913 artificial=0.0 cols=2401
[clean-BPC   492.02s] node 2 cg=4 phase=phase2 kind=heuristic best_rc=-0.0 found=0 added=0 exhausted=False cert=False
[clean-BPC   509.10s] node 2 cg=4 phase=phase2 kind=heuristic_boost best_rc=-0.341914333 found=6 added=6 exhausted=True cert=True
[clean-BPC   509.50s] node 2 cg=5 phase=phase2 obj=229.306913 artificial=0.0 cols=2407
[clean-BPC   509.51s] cut_purged node=2 removed=1 by_kind={'subset_row': 1} remaining=63
[clean-BPC   509.91s] node 2 cg=6 phase=phase2 obj=229.306913 artificial=0.0 cols=2407
[clean-BPC   515.34s] node 2 cg=6 phase=phase2 kind=heuristic best_rc=-0.114770917 found=2 added=2 exhausted=False cert=False
[clean-BPC   515.78s] node 2 cg=7 phase=phase2 obj=229.306913 artificial=0.0 cols=2409
[clean-BPC   521.87s] node 2 cg=7 phase=phase2 kind=heuristic best_rc=-0.0 found=0 added=0 exhausted=False cert=False
[clean-BPC   538.77s] node 2 cg=7 phase=phase2 kind=heuristic_boost best_rc=-0.899476 found=20 added=20 exhausted=True cert=True
[clean-BPC   539.20s] node 2 cg=8 phase=phase2 obj=229.306913 artificial=0.0 cols=2429
[clean-BPC   539.20s] cut_purged node=2 removed=1 by_kind={'crossing_cut': 1} remaining=62
[clean-BPC   539.61s] node 2 cg=9 phase=phase2 obj=229.306913 artificial=0.0 cols=2429
[clean-BPC   545.58s] node 2 cg=9 phase=phase2 kind=heuristic best_rc=-0.0 found=0 added=0 exhausted=False cert=False
[clean-BPC   562.06s] node 2 cg=9 phase=phase2 kind=heuristic_boost best_rc=-1.180555035 found=39 added=39 exhausted=True cert=True
[clean-BPC   562.45s] node 2 cg=10 phase=phase2 obj=229.306913 artificial=0.0 cols=2468
[clean-BPC   568.09s] node 2 cg=10 phase=phase2 kind=heuristic best_rc=-0.0 found=0 added=0 exhausted=False cert=False
[clean-BPC   583.45s] node 2 cg=10 phase=phase2 kind=heuristic_boost best_rc=-0.0 found=0 added=0 exhausted=True cert=True
[clean-BPC   583.69s] route-pack diag node 2 round=1 vehicles=1/2 support_max=15 cand=33 oracle=33 incomplete=0 not_tight=6 not_viol=27 dup=0 violated=0 added=0 max_viol=0.0 states_max=21969
[clean-BPC   614.16s] schedule-pack relax node 2 d=1 status=OPTIMAL obj=232.66585 node_lb=229.306913 delta=3.358937 cols=6349 routes=180 cg=11 rc=-4.885832091 pool_exact=False full_exact=False full_routes=0 full_states=0 time=30.468847 priority=True exact_bound=False
[clean-BPC   634.41s] route-pack-conflict diag node 2 source_vehicle=1 routes=5 U=4 complete=True cache_hit=True states=126 added=0
[clean-BPC   635.73s] route-pack-conflict diag node 2 source_vehicle=1 routes=5 U=4 complete=True cache_hit=True states=112 added=0
[clean-BPC   637.04s] route-pack-conflict diag node 2 source_vehicle=1 routes=5 U=4 complete=True cache_hit=True states=108 added=0
[clean-BPC   637.38s] route-pack-conflict diag node 2 source_vehicle=1 routes=5 U=4 complete=True cache_hit=False states=116 added=0
[clean-BPC   637.95s] route-pack-conflict diag node 2 source_vehicle=1 routes=5 U=4 complete=True cache_hit=True states=123 added=0
[clean-BPC   639.25s] route-pack-conflict diag node 2 source_vehicle=1 routes=5 U=4 complete=True cache_hit=True states=108 added=0
[clean-BPC   639.83s] route-pack-conflict diag node 2 source_vehicle=1 routes=5 U=4 complete=True cache_hit=False states=97 added=0
[clean-BPC   640.18s] route-pack-conflict diag node 2 source_vehicle=1 routes=5 U=4 complete=True cache_hit=True states=121 added=0
[clean-BPC   641.48s] route-pack-conflict diag node 2 source_vehicle=1 routes=5 U=4 complete=True cache_hit=True states=120 added=0
[clean-BPC   642.80s] route-pack-conflict diag node 2 source_vehicle=1 routes=5 U=4 complete=True cache_hit=True states=105 added=0
[clean-BPC   643.37s] route-pack-conflict diag node 2 source_vehicle=1 routes=5 U=4 complete=True cache_hit=True states=115 added=0
[clean-BPC   644.68s] route-pack-conflict diag node 2 source_vehicle=1 routes=5 U=4 complete=True cache_hit=False states=120 added=0
[clean-BPC   645.84s] cut_added family=schedule_pair_conflict node=2 added=2 source_vehicle=1 route_count=2 signatures=[[3, 20, 5, 1], [6, 10, 8, 2]]
[clean-BPC   645.84s] route-pack-conflict diag node 2 source_vehicle=1 routes=5 U=4 complete=True cache_hit=False states=108 added=0
[clean-BPC   647.00s] route-pack-conflict diag node 2 source_vehicle=1 routes=5 U=4 complete=True cache_hit=False states=112 added=0
[clean-BPC   647.69s] route-pack-conflict diag node 2 source_vehicle=1 routes=5 U=4 complete=True cache_hit=False states=120 added=0
[clean-BPC   648.87s] rim-conflict diag node 2 conflicts=16 pair_events=1 pair_cuts=2 schedcap_events=0 schedcap_cuts=0 routepack_events=15 routepack_cuts=0 routepack_cache=9 routepack_states_max=126 routepack_budget_skip=0 nogood_events=0 nogood_cuts=0 weak_skip=15
[clean-BPC    20.25s] restricted-MIP node 2 status=TIME_LIMIT obj=None accepted=False routes=2468 rejected=16 pair=1 ng=30 route_pack=0 sched_cap=0 added_cuts=2 time=20.247544
[clean-BPC   648.87s] node 2 d=1 lb=229.306913 open=0
[clean-BPC   649.26s] node 2 cg=1 phase=phase1 obj=0.0 artificial=0.0 cols=2468
[clean-BPC   649.67s] node 2 cg=2 phase=phase2 obj=229.306913 artificial=0.0 cols=2468
[clean-BPC   655.23s] node 2 cg=2 phase=phase2 kind=heuristic best_rc=-0.0 found=0 added=0 exhausted=False cert=False
[clean-BPC   670.52s] node 2 cg=2 phase=phase2 kind=heuristic_boost best_rc=-0.078796111 found=1 added=1 exhausted=True cert=True
[clean-BPC   670.92s] node 2 cg=3 phase=phase2 obj=229.306913 artificial=0.0 cols=2469
[clean-BPC   670.92s] cut_purged node=2 removed=1 by_kind={'subset_row': 1} remaining=63
[clean-BPC   671.32s] node 2 cg=4 phase=phase2 obj=229.306913 artificial=0.0 cols=2469
[clean-BPC   677.10s] node 2 cg=4 phase=phase2 kind=heuristic best_rc=0.0 found=0 added=0 exhausted=False cert=False
[clean-BPC   692.91s] node 2 cg=4 phase=phase2 kind=heuristic_boost best_rc=0.0 found=0 added=0 exhausted=True cert=True
[clean-BPC   693.20s] route-pack diag node 2 round=1 vehicles=1/2 support_max=15 cand=35 oracle=35 incomplete=0 not_tight=5 not_viol=30 dup=0 violated=0 added=0 max_viol=0.0 states_max=20546
Traceback (most recent call last):
  File "/home/kai/work/gnn_bb/bpc/schedule_pack.py", line 1396, in _dual_value
    return float(model.getDualsolLinear(model.getTransformedCons(cons)))
                                        ^^^^^^^^^^^^^^^^^^^^^^^^^^^^^^
  File "src/pyscipopt/scip.pxi", line 8172, in pyscipopt.scip.Model.getTransformedCons
  File "src/pyscipopt/scip.pxi", line 2965, in pyscipopt.scip.Model._getOrCreateCons
  File "src/pyscipopt/scip.pxi", line 2209, in pyscipopt.scip.Constraint.create
Warning: cannot create Constraint with SCIP_CONS* == NULL

During handling of the above exception, another exception occurred:

Traceback (most recent call last):
  File "/home/kai/work/gnn_bb/scripts/run_bpc_clean.py", line 272, in <module>
    main()
  File "/home/kai/work/gnn_bb/scripts/run_bpc_clean.py", line 83, in main
    result = solve_bpc_clean(
             ^^^^^^^^^^^^^^^^
  File "/home/kai/work/gnn_bb/bpc/solver.py", line 369, in solve_bpc_clean
    tree_result = tree.solve()
                  ^^^^^^^^^^^^
  File "/home/kai/work/gnn_bb/bpc/tree.py", line 844, in solve
    children = self._process_node(node)
               ^^^^^^^^^^^^^^^^^^^^^^^^
  File "/home/kai/work/gnn_bb/bpc/tree.py", line 1567, in _process_node
    self._run_schedule_pack_relaxation(node, last_solution)
  File "/home/kai/work/gnn_bb/bpc/tree.py", line 1027, in _run_schedule_pack_relaxation
    result = solve_schedule_pack_node_relaxation(
             ^^^^^^^^^^^^^^^^^^^^^^^^^^^^^^^^^^^^
  File "/home/kai/work/gnn_bb/bpc/schedule_pack.py", line 311, in solve_schedule_pack_node_relaxation
    lp_result = _solve_vehicle_indexed_lp(
                ^^^^^^^^^^^^^^^^^^^^^^^^^^
  File "/home/kai/work/gnn_bb/bpc/schedule_pack.py", line 1364, in _solve_vehicle_indexed_lp
    cut_duals={cut_id: _dual_value(model, cons) for cut_id, cons in cut_cons.items()},
                       ^^^^^^^^^^^^^^^^^^^^^^^^
  File "/home/kai/work/gnn_bb/bpc/schedule_pack.py", line 1398, in _dual_value
    return float(model.getDualsolLinear(cons))
                 ^^^^^^^^^^^^^^^^^^^^^^^^^^^^
  File "src/pyscipopt/scip.pxi", line 8607, in pyscipopt.scip.Model.getDualsolLinear
  File "src/pyscipopt/scip.pxi", line 8172, in pyscipopt.scip.Model.getTransformedCons
  File "src/pyscipopt/scip.pxi", line 2965, in pyscipopt.scip.Model._getOrCreateCons
  File "src/pyscipopt/scip.pxi", line 2209, in pyscipopt.scip.Constraint.create
Warning: cannot create Constraint with SCIP_CONS* == NULL
